<p>Variable from attribute: Example</p>
<p>Variable from locals attribute: bar</p>
<p class="hidden">Variable from page: maizzle-ci</p>
<p>Variable from attribute: Nested component</p>
<p>Variable from locals attribute: bar (nested)</p>
<p>Variable from page (nested): maizzle-ci</p>
